stm32f4xx_it.c:113:6:NMI_Handler	4	static
stm32f4xx_it.c:126:6:HardFault_Handler	4	static
stm32f4xx_it.c:141:6:MemManage_Handler	4	static
stm32f4xx_it.c:156:6:BusFault_Handler	4	static
stm32f4xx_it.c:171:6:UsageFault_Handler	4	static
stm32f4xx_it.c:186:6:SVC_Handler	4	static
stm32f4xx_it.c:199:6:DebugMon_Handler	4	static
stm32f4xx_it.c:212:6:PendSV_Handler	4	static
stm32f4xx_it.c:225:6:SysTick_Handler	8	static
stm32f4xx_it.c:264:6:TIM1_UP_TIM10_IRQHandler	8	static
stm32f4xx_it.c:331:6:USART1_IRQHandler	8	static
stm32f4xx_it.c:343:6:DisplayRed	8	static
stm32f4xx_it.c:353:6:DisplayViolet1	8	static
stm32f4xx_it.c:363:6:DisplayViolet2	8	static
stm32f4xx_it.c:372:6:DisplayWhite	8	static
stm32f4xx_it.c:382:1:DisplayData	16	static
stm32f4xx_it.c:464:6:SwitchAddress	8	static
stm32f4xx_it.c:493:6:ChangeMatrix	16	static
